// Jest Snapshot v1, https://goo.gl/fbAQLP

exports[`Transaction screen with data for DEPOSIT/WBGL button should be disabled, and balance is lower than input 1`] = `
<div>
  <div
    class="valuation"
  >
    <div
      class="header-container"
    >
      <div
        height="15"
        width="15"
      />
      <span
        class="title"
      >
        home.deposit WBGL
      </span>
    </div>
    <div
      class="valuation-content"
    >
      <div
        class="v-supply"
      >
        <div
          class="v-supply-content"
        >
          <img
            alt="logo"
            class="v-supply--avatar"
          />
          <div
            class="v-supply-content--right"
          >
            <div
              class="v-supply-content--row"
            >
              <span
                class="txt-container v-supply-content--row-title"
              >
                Wrapped BGL
              </span>
              <span
                class="txt-container v-supply-content--row-title"
              >
                $0.1439
              </span>
            </div>
            <div
              class="v-supply-content-row-second"
            >
              <span
                class="txt-container v-supply-content-row-second-title"
              >
                WBGL
              </span>
              <span
                class="txt-container v-supply-content-row-second-title"
              >
                11.0000
              </span>
            </div>
          </div>
        </div>
        <div
          class="undefined"
          style="height: 0.5px; background-color: rgb(224, 224, 224); margin-top: 0px; margin-bottom: 0px;"
        />
        <span
          class="v-supply-insufficient-balance"
        >
          transaction.insufficientBalance
        </span>
      </div>
      <div
        class="v-form"
      >
        <span
          class="v-form-title"
        >
          WBGL
        </span>
        <div
          class="v-form-middle-row"
        >
          <div
            aria-label="max-button"
            class="v-form-icon-container"
          >
            <div
              class="v-form-icon-container-icon"
              height="30"
              width="30"
            />
          </div>
          <div
            style="display: inline-block;"
          >
            <input
              aria-label="cost-input"
              class="v-form-middle-row-input"
              inputmode="decimal"
              placeholder="0"
              style="box-sizing: content-box; width: 2px; font-size: 32px;"
              value="12"
            />
            <div
              style="position: absolute; top: 0px; left: 0px; visibility: hidden; height: 0px; overflow: scroll; white-space: pre; font-size: 32px; font-family: -webkit-small-control; letter-spacing: normal; text-transform: none;"
            >
              12
            </div>
            <div
              style="position: absolute; top: 0px; left: 0px; visibility: hidden; height: 0px; overflow: scroll; white-space: pre; font-size: 32px; font-family: -webkit-small-control; letter-spacing: normal; text-transform: none;"
            >
              0
            </div>
          </div>
          <div
            aria-label="swap-button"
            class="v-form-icon-container"
          >
            <div
              class="v-form-icon-container-icon"
              height="22"
              width="22"
            />
          </div>
        </div>
        <span
          class="v-form-title"
        >
          $0.1569
        </span>
        <button
          class="btn-container fee-btn"
        >
          common.fee $0.00
        </button>
        <div
          class="v-form-row"
        >
          <span
            class="v-form-row-title"
          >
            home.deposit home.netApy
          </span>
          <span
            class="v-form-row-value"
          >
            48.46%
          </span>
        </div>
        <div
          class="borrow-section"
        >
          <div
            class="row"
          >
            <span
              class="title"
            >
              home.borrowLimit
            </span>
            <div
              class="right"
            >
              <span
                class="value"
              >
                $1.025
              </span>
              <div
                class="arrow-icon"
                height="16"
                width="19"
              />
              <span
                class="value"
              >
                $1.150
              </span>
            </div>
          </div>
          <div
            class="row"
          >
            <span
              class="title"
            >
              home.borrowLimitUsed
            </span>
            <div
              class="row"
            >
              <span
                class="value"
              >
                99.59%
              </span>
              <div
                class="arrow-icon"
                height="16"
                width="19"
              />
              <span
                class="value"
              >
                88.72%
              </span>
            </div>
          </div>
          <div
            class="tx-progress-container"
          >
            <div
              class="tx-progress"
            >
              <div
                class="tx-progress-child"
                style="width: 99.59%;"
              />
            </div>
          </div>
        </div>
      </div>
    </div>
    <button
      class="btn-container pay-button "
      disabled=""
    >
      transaction.insufficientWalletBalance
    </button>
  </div>
</div>
`;

exports[`Transaction screen with data for DEPOSIT/WBGL button should be enabled, and balance is equal to input 1`] = `
<div>
  <div
    class="valuation"
  >
    <div
      class="header-container"
    >
      <div
        height="15"
        width="15"
      />
      <span
        class="title"
      >
        home.deposit WBGL
      </span>
    </div>
    <div
      class="valuation-content"
    >
      <div
        class="v-supply"
      >
        <div
          class="v-supply-content"
        >
          <img
            alt="logo"
            class="v-supply--avatar"
          />
          <div
            class="v-supply-content--right"
          >
            <div
              class="v-supply-content--row"
            >
              <span
                class="txt-container v-supply-content--row-title"
              >
                Wrapped BGL
              </span>
              <span
                class="txt-container v-supply-content--row-title"
              >
                $0.1439
              </span>
            </div>
            <div
              class="v-supply-content-row-second"
            >
              <span
                class="txt-container v-supply-content-row-second-title"
              >
                WBGL
              </span>
              <span
                class="txt-container v-supply-content-row-second-title"
              >
                11.0000
              </span>
            </div>
          </div>
        </div>
      </div>
      <div
        class="v-form"
      >
        <span
          class="v-form-title"
        >
          WBGL
        </span>
        <div
          class="v-form-middle-row"
        >
          <div
            aria-label="max-button"
            class="v-form-icon-container"
          >
            <div
              class="v-form-icon-container-icon"
              height="30"
              width="30"
            />
          </div>
          <div
            style="display: inline-block;"
          >
            <input
              aria-label="cost-input"
              class="v-form-middle-row-input"
              inputmode="decimal"
              placeholder="0"
              style="box-sizing: content-box; width: 2px; font-size: 32px;"
              value="11"
            />
            <div
              style="position: absolute; top: 0px; left: 0px; visibility: hidden; height: 0px; overflow: scroll; white-space: pre; font-size: 32px; font-family: -webkit-small-control; letter-spacing: normal; text-transform: none;"
            >
              11
            </div>
            <div
              style="position: absolute; top: 0px; left: 0px; visibility: hidden; height: 0px; overflow: scroll; white-space: pre; font-size: 32px; font-family: -webkit-small-control; letter-spacing: normal; text-transform: none;"
            >
              0
            </div>
          </div>
          <div
            aria-label="swap-button"
            class="v-form-icon-container"
          >
            <div
              class="v-form-icon-container-icon"
              height="22"
              width="22"
            />
          </div>
        </div>
        <span
          class="v-form-title"
        >
          $0.1439
        </span>
        <button
          class="btn-container fee-btn"
        >
          common.fee $0.00
        </button>
        <div
          class="v-form-row"
        >
          <span
            class="v-form-row-title"
          >
            home.deposit home.netApy
          </span>
          <span
            class="v-form-row-value"
          >
            48.46%
          </span>
        </div>
        <div
          class="borrow-section"
        >
          <div
            class="row"
          >
            <span
              class="title"
            >
              home.borrowLimit
            </span>
            <div
              class="right"
            >
              <span
                class="value"
              >
                $1.025
              </span>
              <div
                class="arrow-icon"
                height="16"
                width="19"
              />
              <span
                class="value"
              >
                $1.140
              </span>
            </div>
          </div>
          <div
            class="row"
          >
            <span
              class="title"
            >
              home.borrowLimitUsed
            </span>
            <div
              class="row"
            >
              <span
                class="value"
              >
                99.59%
              </span>
              <div
                class="arrow-icon"
                height="16"
                width="19"
              />
              <span
                class="value"
              >
                89.54%
              </span>
            </div>
          </div>
          <div
            class="tx-progress-container"
          >
            <div
              class="tx-progress"
            >
              <div
                class="tx-progress-child"
                style="width: 99.59%;"
              />
            </div>
          </div>
        </div>
      </div>
    </div>
    <button
      class="btn-container pay-button "
    >
      home.deposit $0.1439
    </button>
  </div>
</div>
`;

exports[`Transaction screen with data for DEPOSIT/WBGL button should be enabled, and balance is greater than input 1`] = `
<div>
  <div
    class="valuation"
  >
    <div
      class="header-container"
    >
      <div
        height="15"
        width="15"
      />
      <span
        class="title"
      >
        home.deposit WBGL
      </span>
    </div>
    <div
      class="valuation-content"
    >
      <div
        class="v-supply"
      >
        <div
          class="v-supply-content"
        >
          <img
            alt="logo"
            class="v-supply--avatar"
          />
          <div
            class="v-supply-content--right"
          >
            <div
              class="v-supply-content--row"
            >
              <span
                class="txt-container v-supply-content--row-title"
              >
                Wrapped BGL
              </span>
              <span
                class="txt-container v-supply-content--row-title"
              >
                $0.1439
              </span>
            </div>
            <div
              class="v-supply-content-row-second"
            >
              <span
                class="txt-container v-supply-content-row-second-title"
              >
                WBGL
              </span>
              <span
                class="txt-container v-supply-content-row-second-title"
              >
                11.0000
              </span>
            </div>
          </div>
        </div>
      </div>
      <div
        class="v-form"
      >
        <span
          class="v-form-title"
        >
          WBGL
        </span>
        <div
          class="v-form-middle-row"
        >
          <div
            aria-label="max-button"
            class="v-form-icon-container"
          >
            <div
              class="v-form-icon-container-icon"
              height="30"
              width="30"
            />
          </div>
          <div
            style="display: inline-block;"
          >
            <input
              aria-label="cost-input"
              class="v-form-middle-row-input"
              inputmode="decimal"
              placeholder="0"
              style="box-sizing: content-box; width: 2px; font-size: 32px;"
              value="10"
            />
            <div
              style="position: absolute; top: 0px; left: 0px; visibility: hidden; height: 0px; overflow: scroll; white-space: pre; font-size: 32px; font-family: -webkit-small-control; letter-spacing: normal; text-transform: none;"
            >
              10
            </div>
            <div
              style="position: absolute; top: 0px; left: 0px; visibility: hidden; height: 0px; overflow: scroll; white-space: pre; font-size: 32px; font-family: -webkit-small-control; letter-spacing: normal; text-transform: none;"
            >
              0
            </div>
          </div>
          <div
            aria-label="swap-button"
            class="v-form-icon-container"
          >
            <div
              class="v-form-icon-container-icon"
              height="22"
              width="22"
            />
          </div>
        </div>
        <span
          class="v-form-title"
        >
          $0.1308
        </span>
        <button
          class="btn-container fee-btn"
        >
          common.fee $0.00
        </button>
        <div
          class="v-form-row"
        >
          <span
            class="v-form-row-title"
          >
            home.deposit home.netApy
          </span>
          <span
            class="v-form-row-value"
          >
            48.46%
          </span>
        </div>
        <div
          class="borrow-section"
        >
          <div
            class="row"
          >
            <span
              class="title"
            >
              home.borrowLimit
            </span>
            <div
              class="right"
            >
              <span
                class="value"
              >
                $1.025
              </span>
              <div
                class="arrow-icon"
                height="16"
                width="19"
              />
              <span
                class="value"
              >
                $1.130
              </span>
            </div>
          </div>
          <div
            class="row"
          >
            <span
              class="title"
            >
              home.borrowLimitUsed
            </span>
            <div
              class="row"
            >
              <span
                class="value"
              >
                99.59%
              </span>
              <div
                class="arrow-icon"
                height="16"
                width="19"
              />
              <span
                class="value"
              >
                90.37%
              </span>
            </div>
          </div>
          <div
            class="tx-progress-container"
          >
            <div
              class="tx-progress"
            >
              <div
                class="tx-progress-child"
                style="width: 99.59%;"
              />
            </div>
          </div>
        </div>
      </div>
    </div>
    <button
      class="btn-container pay-button "
    >
      home.deposit $0.1308
    </button>
  </div>
</div>
`;

exports[`Transaction screen with data for DEPOSIT/WBGL max is set 1`] = `
<div>
  <div
    class="valuation"
  >
    <div
      class="header-container"
    >
      <div
        height="15"
        width="15"
      />
      <span
        class="title"
      >
        home.deposit WBGL
      </span>
    </div>
    <div
      class="valuation-content"
    >
      <div
        class="v-supply"
      >
        <div
          class="v-supply-content"
        >
          <img
            alt="logo"
            class="v-supply--avatar"
          />
          <div
            class="v-supply-content--right"
          >
            <div
              class="v-supply-content--row"
            >
              <span
                class="txt-container v-supply-content--row-title"
              >
                Wrapped BGL
              </span>
              <span
                class="txt-container v-supply-content--row-title"
              >
                $0.1439
              </span>
            </div>
            <div
              class="v-supply-content-row-second"
            >
              <span
                class="txt-container v-supply-content-row-second-title"
              >
                WBGL
              </span>
              <span
                class="txt-container v-supply-content-row-second-title"
              >
                11.0000
              </span>
            </div>
          </div>
        </div>
      </div>
      <div
        class="v-form"
      >
        <span
          class="v-form-title"
        >
          WBGL
        </span>
        <div
          class="v-form-middle-row"
        >
          <div
            aria-label="max-button"
            class="v-form-icon-container"
          >
            <div
              class="v-form-icon-container-icon"
              height="30"
              width="30"
            />
          </div>
          <div
            style="display: inline-block;"
          >
            <input
              aria-label="cost-input"
              class="v-form-middle-row-input"
              inputmode="decimal"
              placeholder="0"
              style="box-sizing: content-box; width: 2px; font-size: 32px;"
              value="11"
            />
            <div
              style="position: absolute; top: 0px; left: 0px; visibility: hidden; height: 0px; overflow: scroll; white-space: pre; font-size: 32px; font-family: -webkit-small-control; letter-spacing: normal; text-transform: none;"
            >
              11
            </div>
            <div
              style="position: absolute; top: 0px; left: 0px; visibility: hidden; height: 0px; overflow: scroll; white-space: pre; font-size: 32px; font-family: -webkit-small-control; letter-spacing: normal; text-transform: none;"
            >
              0
            </div>
          </div>
          <div
            aria-label="swap-button"
            class="v-form-icon-container"
          >
            <div
              class="v-form-icon-container-icon"
              height="22"
              width="22"
            />
          </div>
        </div>
        <span
          class="v-form-title"
        >
          $0.1439
        </span>
        <button
          class="btn-container fee-btn"
        >
          common.fee $0.00
        </button>
        <div
          class="v-form-row"
        >
          <span
            class="v-form-row-title"
          >
            home.deposit home.netApy
          </span>
          <span
            class="v-form-row-value"
          >
            48.46%
          </span>
        </div>
        <div
          class="borrow-section"
        >
          <div
            class="row"
          >
            <span
              class="title"
            >
              home.borrowLimit
            </span>
            <div
              class="right"
            >
              <span
                class="value"
              >
                $1.025
              </span>
              <div
                class="arrow-icon"
                height="16"
                width="19"
              />
              <span
                class="value"
              >
                $1.140
              </span>
            </div>
          </div>
          <div
            class="row"
          >
            <span
              class="title"
            >
              home.borrowLimitUsed
            </span>
            <div
              class="row"
            >
              <span
                class="value"
              >
                99.59%
              </span>
              <div
                class="arrow-icon"
                height="16"
                width="19"
              />
              <span
                class="value"
              >
                89.54%
              </span>
            </div>
          </div>
          <div
            class="tx-progress-container"
          >
            <div
              class="tx-progress"
            >
              <div
                class="tx-progress-child"
                style="width: 99.59%;"
              />
            </div>
          </div>
        </div>
      </div>
    </div>
    <button
      class="btn-container pay-button "
    >
      home.deposit $0.1439
    </button>
  </div>
</div>
`;

exports[`Transaction screen with data for DEPOSIT/WBGL set max and clear with input 1`] = `
<div>
  <div
    class="valuation"
  >
    <div
      class="header-container"
    >
      <div
        height="15"
        width="15"
      />
      <span
        class="title"
      >
        home.deposit WBGL
      </span>
    </div>
    <div
      class="valuation-content"
    >
      <div
        class="v-supply"
      >
        <div
          class="v-supply-content"
        >
          <img
            alt="logo"
            class="v-supply--avatar"
          />
          <div
            class="v-supply-content--right"
          >
            <div
              class="v-supply-content--row"
            >
              <span
                class="txt-container v-supply-content--row-title"
              >
                Wrapped BGL
              </span>
              <span
                class="txt-container v-supply-content--row-title"
              >
                $0.1439
              </span>
            </div>
            <div
              class="v-supply-content-row-second"
            >
              <span
                class="txt-container v-supply-content-row-second-title"
              >
                WBGL
              </span>
              <span
                class="txt-container v-supply-content-row-second-title"
              >
                11.0000
              </span>
            </div>
          </div>
        </div>
      </div>
      <div
        class="v-form"
      >
        <span
          class="v-form-title"
        >
          WBGL
        </span>
        <div
          class="v-form-middle-row"
        >
          <div
            aria-label="max-button"
            class="v-form-icon-container"
          >
            <div
              class="v-form-icon-container-icon"
              height="30"
              width="30"
            />
          </div>
          <div
            style="display: inline-block;"
          >
            <input
              aria-label="cost-input"
              class="v-form-middle-row-input"
              inputmode="decimal"
              placeholder="0"
              style="box-sizing: content-box; width: 2px; font-size: 32px;"
              value="11"
            />
            <div
              style="position: absolute; top: 0px; left: 0px; visibility: hidden; height: 0px; overflow: scroll; white-space: pre; font-size: 32px; font-family: -webkit-small-control; letter-spacing: normal; text-transform: none;"
            >
              11
            </div>
            <div
              style="position: absolute; top: 0px; left: 0px; visibility: hidden; height: 0px; overflow: scroll; white-space: pre; font-size: 32px; font-family: -webkit-small-control; letter-spacing: normal; text-transform: none;"
            >
              0
            </div>
          </div>
          <div
            aria-label="swap-button"
            class="v-form-icon-container"
          >
            <div
              class="v-form-icon-container-icon"
              height="22"
              width="22"
            />
          </div>
        </div>
        <span
          class="v-form-title"
        >
          $0.1439
        </span>
        <button
          class="btn-container fee-btn"
        >
          common.fee $0.00
        </button>
        <div
          class="v-form-row"
        >
          <span
            class="v-form-row-title"
          >
            home.deposit home.netApy
          </span>
          <span
            class="v-form-row-value"
          >
            48.46%
          </span>
        </div>
        <div
          class="borrow-section"
        >
          <div
            class="row"
          >
            <span
              class="title"
            >
              home.borrowLimit
            </span>
            <div
              class="right"
            >
              <span
                class="value"
              >
                $1.025
              </span>
              <div
                class="arrow-icon"
                height="16"
                width="19"
              />
              <span
                class="value"
              >
                $1.140
              </span>
            </div>
          </div>
          <div
            class="row"
          >
            <span
              class="title"
            >
              home.borrowLimitUsed
            </span>
            <div
              class="row"
            >
              <span
                class="value"
              >
                99.59%
              </span>
              <div
                class="arrow-icon"
                height="16"
                width="19"
              />
              <span
                class="value"
              >
                89.54%
              </span>
            </div>
          </div>
          <div
            class="tx-progress-container"
          >
            <div
              class="tx-progress"
            >
              <div
                class="tx-progress-child"
                style="width: 99.59%;"
              />
            </div>
          </div>
        </div>
      </div>
    </div>
    <button
      class="btn-container pay-button "
    >
      home.deposit $0.1439
    </button>
  </div>
</div>
`;

exports[`Transaction screen with data for DEPOSIT/WBGL should change input value from token to fiat on swap 1`] = `
<div>
  <div
    class="valuation"
  >
    <div
      class="header-container"
    >
      <div
        height="15"
        width="15"
      />
      <span
        class="title"
      >
        home.deposit WBGL
      </span>
    </div>
    <div
      class="valuation-content"
    >
      <div
        class="v-supply"
      >
        <div
          class="v-supply-content"
        >
          <img
            alt="logo"
            class="v-supply--avatar"
          />
          <div
            class="v-supply-content--right"
          >
            <div
              class="v-supply-content--row"
            >
              <span
                class="txt-container v-supply-content--row-title"
              >
                Wrapped BGL
              </span>
              <span
                class="txt-container v-supply-content--row-title"
              >
                $0.1439
              </span>
            </div>
            <div
              class="v-supply-content-row-second"
            >
              <span
                class="txt-container v-supply-content-row-second-title"
              >
                WBGL
              </span>
              <span
                class="txt-container v-supply-content-row-second-title"
              >
                11.0000
              </span>
            </div>
          </div>
        </div>
        <div
          class="undefined"
          style="height: 0.5px; background-color: rgb(224, 224, 224); margin-top: 0px; margin-bottom: 0px;"
        />
        <span
          class="v-supply-insufficient-balance"
        >
          transaction.insufficientBalance
        </span>
      </div>
      <div
        class="v-form"
      >
        <span
          class="v-form-title"
        >
          USD
        </span>
        <div
          class="v-form-middle-row"
        >
          <div
            aria-label="max-button"
            class="v-form-icon-container"
          >
            <div
              class="v-form-icon-container-icon"
              height="30"
              width="30"
            />
          </div>
          <div
            style="display: inline-block;"
          >
            <input
              aria-label="cost-input"
              class="v-form-middle-row-input"
              inputmode="decimal"
              placeholder="0"
              style="box-sizing: content-box; width: 2px; font-size: 26px;"
              value="1.307828"
            />
            <div
              style="position: absolute; top: 0px; left: 0px; visibility: hidden; height: 0px; overflow: scroll; white-space: pre; font-size: 32px; font-family: -webkit-small-control; letter-spacing: normal; text-transform: none;"
            >
              1.307828
            </div>
            <div
              style="position: absolute; top: 0px; left: 0px; visibility: hidden; height: 0px; overflow: scroll; white-space: pre; font-size: 32px; font-family: -webkit-small-control; letter-spacing: normal; text-transform: none;"
            >
              0
            </div>
          </div>
          <div
            aria-label="swap-button"
            class="v-form-icon-container"
          >
            <div
              class="v-form-icon-container-icon"
              height="22"
              width="22"
            />
          </div>
        </div>
        <span
          class="v-form-title"
        >
          100.0000 WBGL
        </span>
        <button
          class="btn-container fee-btn"
        >
          common.fee $0.00
        </button>
        <div
          class="v-form-row"
        >
          <span
            class="v-form-row-title"
          >
            home.deposit home.netApy
          </span>
          <span
            class="v-form-row-value"
          >
            48.46%
          </span>
        </div>
        <div
          class="borrow-section"
        >
          <div
            class="row"
          >
            <span
              class="title"
            >
              home.borrowLimit
            </span>
            <div
              class="right"
            >
              <span
                class="value"
              >
                $1.025
              </span>
              <div
                class="arrow-icon"
                height="16"
                width="19"
              />
              <span
                class="value"
              >
                $2.071
              </span>
            </div>
          </div>
          <div
            class="row"
          >
            <span
              class="title"
            >
              home.borrowLimitUsed
            </span>
            <div
              class="row"
            >
              <span
                class="value"
              >
                99.59%
              </span>
              <div
                class="arrow-icon"
                height="16"
                width="19"
              />
              <span
                class="value"
              >
                49.28%
              </span>
            </div>
          </div>
          <div
            class="tx-progress-container"
          >
            <div
              class="tx-progress"
            >
              <div
                class="tx-progress-child"
                style="width: 99.59%;"
              />
            </div>
          </div>
        </div>
      </div>
    </div>
    <button
      class="btn-container pay-button "
      disabled=""
    >
      transaction.insufficientWalletBalance
    </button>
  </div>
</div>
`;

exports[`Transaction screen with data for DEPOSIT/WBGL should change usd to token symbol when swap 1`] = `
<div>
  <div
    class="valuation"
  >
    <div
      class="header-container"
    >
      <div
        height="15"
        width="15"
      />
      <span
        class="title"
      >
        home.deposit WBGL
      </span>
    </div>
    <div
      class="valuation-content"
    >
      <div
        class="v-supply"
      >
        <div
          class="v-supply-content"
        >
          <img
            alt="logo"
            class="v-supply--avatar"
          />
          <div
            class="v-supply-content--right"
          >
            <div
              class="v-supply-content--row"
            >
              <span
                class="txt-container v-supply-content--row-title"
              >
                Wrapped BGL
              </span>
              <span
                class="txt-container v-supply-content--row-title"
              >
                $0.1439
              </span>
            </div>
            <div
              class="v-supply-content-row-second"
            >
              <span
                class="txt-container v-supply-content-row-second-title"
              >
                WBGL
              </span>
              <span
                class="txt-container v-supply-content-row-second-title"
              >
                11.0000
              </span>
            </div>
          </div>
        </div>
      </div>
      <div
        class="v-form"
      >
        <span
          class="v-form-title"
        >
          USD
        </span>
        <div
          class="v-form-middle-row"
        >
          <div
            aria-label="max-button"
            class="v-form-icon-container"
          >
            <div
              class="v-form-icon-container-icon"
              height="30"
              width="30"
            />
          </div>
          <div
            style="display: inline-block;"
          >
            <input
              aria-label="cost-input"
              class="v-form-middle-row-input"
              inputmode="decimal"
              placeholder="0"
              style="box-sizing: content-box; width: 2px; font-size: 32px;"
              value=""
            />
            <div
              style="position: absolute; top: 0px; left: 0px; visibility: hidden; height: 0px; overflow: scroll; white-space: pre; font-size: 32px; font-family: -webkit-small-control; letter-spacing: normal; text-transform: none;"
            />
            <div
              style="position: absolute; top: 0px; left: 0px; visibility: hidden; height: 0px; overflow: scroll; white-space: pre; font-size: 32px; font-family: -webkit-small-control; letter-spacing: normal; text-transform: none;"
            >
              0
            </div>
          </div>
          <div
            aria-label="swap-button"
            class="v-form-icon-container"
          >
            <div
              class="v-form-icon-container-icon"
              height="22"
              width="22"
            />
          </div>
        </div>
        <span
          class="v-form-title"
        >
          0 WBGL
        </span>
        <button
          class="btn-container fee-btn"
        >
          common.fee $0.00
        </button>
        <div
          class="v-form-row"
        >
          <span
            class="v-form-row-title"
          >
            home.deposit home.netApy
          </span>
          <span
            class="v-form-row-value"
          >
            48.46%
          </span>
        </div>
        <div
          class="borrow-section"
        >
          <div
            class="row"
          >
            <span
              class="title"
            >
              home.borrowLimit
            </span>
            <div
              class="right"
            >
              <span
                class="value"
              >
                $1.025
              </span>
            </div>
          </div>
          <div
            class="row"
          >
            <span
              class="title"
            >
              home.borrowLimitUsed
            </span>
            <div
              class="row"
            >
              <span
                class="value"
              >
                99.59%
              </span>
            </div>
          </div>
          <div
            class="tx-progress-container"
          >
            <div
              class="tx-progress"
            >
              <div
                class="tx-progress-child"
                style="width: 99.59%;"
              />
            </div>
          </div>
        </div>
      </div>
    </div>
    <button
      class="btn-container pay-button "
      disabled=""
    >
      home.deposit $0
    </button>
  </div>
</div>
`;

exports[`Transaction screen with data for DEPOSIT/WBGL should handle inputSwap on swap 1`] = `
<div>
  <div
    class="valuation"
  >
    <div
      class="header-container"
    >
      <div
        height="15"
        width="15"
      />
      <span
        class="title"
      >
        home.deposit WBGL
      </span>
    </div>
    <div
      class="valuation-content"
    >
      <div
        class="v-supply"
      >
        <div
          class="v-supply-content"
        >
          <img
            alt="logo"
            class="v-supply--avatar"
          />
          <div
            class="v-supply-content--right"
          >
            <div
              class="v-supply-content--row"
            >
              <span
                class="txt-container v-supply-content--row-title"
              >
                Wrapped BGL
              </span>
              <span
                class="txt-container v-supply-content--row-title"
              >
                $0.1439
              </span>
            </div>
            <div
              class="v-supply-content-row-second"
            >
              <span
                class="txt-container v-supply-content-row-second-title"
              >
                WBGL
              </span>
              <span
                class="txt-container v-supply-content-row-second-title"
              >
                11.0000
              </span>
            </div>
          </div>
        </div>
      </div>
      <div
        class="v-form"
      >
        <span
          class="v-form-title"
        >
          USD
        </span>
        <div
          class="v-form-middle-row"
        >
          <div
            aria-label="max-button"
            class="v-form-icon-container"
          >
            <div
              class="v-form-icon-container-icon"
              height="30"
              width="30"
            />
          </div>
          <div
            style="display: inline-block;"
          >
            <input
              aria-label="cost-input"
              class="v-form-middle-row-input"
              inputmode="decimal"
              placeholder="0"
              style="box-sizing: content-box; width: 2px; font-size: 32px;"
              value=""
            />
            <div
              style="position: absolute; top: 0px; left: 0px; visibility: hidden; height: 0px; overflow: scroll; white-space: pre; font-size: 32px; font-family: -webkit-small-control; letter-spacing: normal; text-transform: none;"
            />
            <div
              style="position: absolute; top: 0px; left: 0px; visibility: hidden; height: 0px; overflow: scroll; white-space: pre; font-size: 32px; font-family: -webkit-small-control; letter-spacing: normal; text-transform: none;"
            >
              0
            </div>
          </div>
          <div
            aria-label="swap-button"
            class="v-form-icon-container"
          >
            <div
              class="v-form-icon-container-icon"
              height="22"
              width="22"
            />
          </div>
        </div>
        <span
          class="v-form-title"
        >
          0 WBGL
        </span>
        <button
          class="btn-container fee-btn"
        >
          common.fee $0.00
        </button>
        <div
          class="v-form-row"
        >
          <span
            class="v-form-row-title"
          >
            home.deposit home.netApy
          </span>
          <span
            class="v-form-row-value"
          >
            48.46%
          </span>
        </div>
        <div
          class="borrow-section"
        >
          <div
            class="row"
          >
            <span
              class="title"
            >
              home.borrowLimit
            </span>
            <div
              class="right"
            >
              <span
                class="value"
              >
                $1.025
              </span>
            </div>
          </div>
          <div
            class="row"
          >
            <span
              class="title"
            >
              home.borrowLimitUsed
            </span>
            <div
              class="row"
            >
              <span
                class="value"
              >
                99.59%
              </span>
            </div>
          </div>
          <div
            class="tx-progress-container"
          >
            <div
              class="tx-progress"
            >
              <div
                class="tx-progress-child"
                style="width: 99.59%;"
              />
            </div>
          </div>
        </div>
      </div>
    </div>
    <button
      class="btn-container pay-button "
      disabled=""
    >
      home.deposit $0
    </button>
  </div>
</div>
`;

exports[`Transaction screen with data for DEPOSIT/WBGL should handle inputValueTOKEN 1`] = `
<div>
  <div
    class="valuation"
  >
    <div
      class="header-container"
    >
      <div
        height="15"
        width="15"
      />
      <span
        class="title"
      >
        home.deposit WBGL
      </span>
    </div>
    <div
      class="valuation-content"
    >
      <div
        class="v-supply"
      >
        <div
          class="v-supply-content"
        >
          <img
            alt="logo"
            class="v-supply--avatar"
          />
          <div
            class="v-supply-content--right"
          >
            <div
              class="v-supply-content--row"
            >
              <span
                class="txt-container v-supply-content--row-title"
              >
                Wrapped BGL
              </span>
              <span
                class="txt-container v-supply-content--row-title"
              >
                $0.1439
              </span>
            </div>
            <div
              class="v-supply-content-row-second"
            >
              <span
                class="txt-container v-supply-content-row-second-title"
              >
                WBGL
              </span>
              <span
                class="txt-container v-supply-content-row-second-title"
              >
                11.0000
              </span>
            </div>
          </div>
        </div>
      </div>
      <div
        class="v-form"
      >
        <span
          class="v-form-title"
        >
          USD
        </span>
        <div
          class="v-form-middle-row"
        >
          <div
            aria-label="max-button"
            class="v-form-icon-container"
          >
            <div
              class="v-form-icon-container-icon"
              height="30"
              width="30"
            />
          </div>
          <div
            style="display: inline-block;"
          >
            <input
              aria-label="cost-input"
              class="v-form-middle-row-input"
              inputmode="decimal"
              placeholder="0"
              style="box-sizing: content-box; width: 2px; font-size: 26px;"
              value="0.14386108"
            />
            <div
              style="position: absolute; top: 0px; left: 0px; visibility: hidden; height: 0px; overflow: scroll; white-space: pre; font-size: 32px; font-family: -webkit-small-control; letter-spacing: normal; text-transform: none;"
            >
              0.14386108
            </div>
            <div
              style="position: absolute; top: 0px; left: 0px; visibility: hidden; height: 0px; overflow: scroll; white-space: pre; font-size: 32px; font-family: -webkit-small-control; letter-spacing: normal; text-transform: none;"
            >
              0
            </div>
          </div>
          <div
            aria-label="swap-button"
            class="v-form-icon-container"
          >
            <div
              class="v-form-icon-container-icon"
              height="22"
              width="22"
            />
          </div>
        </div>
        <span
          class="v-form-title"
        >
          11.0000 WBGL
        </span>
        <button
          class="btn-container fee-btn"
        >
          common.fee $0.00
        </button>
        <div
          class="v-form-row"
        >
          <span
            class="v-form-row-title"
          >
            home.deposit home.netApy
          </span>
          <span
            class="v-form-row-value"
          >
            48.46%
          </span>
        </div>
        <div
          class="borrow-section"
        >
          <div
            class="row"
          >
            <span
              class="title"
            >
              home.borrowLimit
            </span>
            <div
              class="right"
            >
              <span
                class="value"
              >
                $1.025
              </span>
              <div
                class="arrow-icon"
                height="16"
                width="19"
              />
              <span
                class="value"
              >
                $1.140
              </span>
            </div>
          </div>
          <div
            class="row"
          >
            <span
              class="title"
            >
              home.borrowLimitUsed
            </span>
            <div
              class="row"
            >
              <span
                class="value"
              >
                99.59%
              </span>
              <div
                class="arrow-icon"
                height="16"
                width="19"
              />
              <span
                class="value"
              >
                89.54%
              </span>
            </div>
          </div>
          <div
            class="tx-progress-container"
          >
            <div
              class="tx-progress"
            >
              <div
                class="tx-progress-child"
                style="width: 99.59%;"
              />
            </div>
          </div>
        </div>
      </div>
    </div>
    <button
      class="btn-container pay-button "
    >
      home.deposit $0.1439
    </button>
  </div>
</div>
`;

exports[`Transaction screen with data for DEPOSIT/WBGL should handle max on swap 1`] = `
<div>
  <div
    class="valuation"
  >
    <div
      class="header-container"
    >
      <div
        height="15"
        width="15"
      />
      <span
        class="title"
      >
        home.deposit WBGL
      </span>
    </div>
    <div
      class="valuation-content"
    >
      <div
        class="v-supply"
      >
        <div
          class="v-supply-content"
        >
          <img
            alt="logo"
            class="v-supply--avatar"
          />
          <div
            class="v-supply-content--right"
          >
            <div
              class="v-supply-content--row"
            >
              <span
                class="txt-container v-supply-content--row-title"
              >
                Wrapped BGL
              </span>
              <span
                class="txt-container v-supply-content--row-title"
              >
                $0.1439
              </span>
            </div>
            <div
              class="v-supply-content-row-second"
            >
              <span
                class="txt-container v-supply-content-row-second-title"
              >
                WBGL
              </span>
              <span
                class="txt-container v-supply-content-row-second-title"
              >
                11.0000
              </span>
            </div>
          </div>
        </div>
        <div
          class="undefined"
          style="height: 0.5px; background-color: rgb(224, 224, 224); margin-top: 0px; margin-bottom: 0px;"
        />
        <span
          class="v-supply-insufficient-balance"
        >
          transaction.insufficientBalance
        </span>
      </div>
      <div
        class="v-form"
      >
        <span
          class="v-form-title"
        >
          WBGL
        </span>
        <div
          class="v-form-middle-row"
        >
          <div
            aria-label="max-button"
            class="v-form-icon-container"
          >
            <div
              class="v-form-icon-container-icon"
              height="30"
              width="30"
            />
          </div>
          <div
            style="display: inline-block;"
          >
            <input
              aria-label="cost-input"
              class="v-form-middle-row-input"
              inputmode="decimal"
              placeholder="0"
              style="box-sizing: content-box; width: 2px; font-size: 32px;"
              value="12"
            />
            <div
              style="position: absolute; top: 0px; left: 0px; visibility: hidden; height: 0px; overflow: scroll; white-space: pre; font-size: 32px; font-family: -webkit-small-control; letter-spacing: normal; text-transform: none;"
            >
              12
            </div>
            <div
              style="position: absolute; top: 0px; left: 0px; visibility: hidden; height: 0px; overflow: scroll; white-space: pre; font-size: 32px; font-family: -webkit-small-control; letter-spacing: normal; text-transform: none;"
            >
              0
            </div>
          </div>
          <div
            aria-label="swap-button"
            class="v-form-icon-container"
          >
            <div
              class="v-form-icon-container-icon"
              height="22"
              width="22"
            />
          </div>
        </div>
        <span
          class="v-form-title"
        >
          $0.1569
        </span>
        <button
          class="btn-container fee-btn"
        >
          common.fee $0.00
        </button>
        <div
          class="v-form-row"
        >
          <span
            class="v-form-row-title"
          >
            home.deposit home.netApy
          </span>
          <span
            class="v-form-row-value"
          >
            48.46%
          </span>
        </div>
        <div
          class="borrow-section"
        >
          <div
            class="row"
          >
            <span
              class="title"
            >
              home.borrowLimit
            </span>
            <div
              class="right"
            >
              <span
                class="value"
              >
                $1.025
              </span>
              <div
                class="arrow-icon"
                height="16"
                width="19"
              />
              <span
                class="value"
              >
                $1.150
              </span>
            </div>
          </div>
          <div
            class="row"
          >
            <span
              class="title"
            >
              home.borrowLimitUsed
            </span>
            <div
              class="row"
            >
              <span
                class="value"
              >
                99.59%
              </span>
              <div
                class="arrow-icon"
                height="16"
                width="19"
              />
              <span
                class="value"
              >
                88.72%
              </span>
            </div>
          </div>
          <div
            class="tx-progress-container"
          >
            <div
              class="tx-progress"
            >
              <div
                class="tx-progress-child"
                style="width: 99.59%;"
              />
            </div>
          </div>
        </div>
      </div>
    </div>
    <button
      class="btn-container pay-button "
      disabled=""
    >
      transaction.insufficientWalletBalance
    </button>
  </div>
</div>
`;

exports[`Transaction screen with data for DEPOSIT/WBGL should handle safe input value 1`] = `
<div>
  <div
    class="valuation"
  >
    <div
      class="header-container"
    >
      <div
        height="15"
        width="15"
      />
      <span
        class="title"
      >
        home.deposit WBGL
      </span>
    </div>
    <div
      class="valuation-content"
    >
      <div
        class="v-supply"
      >
        <div
          class="v-supply-content"
        >
          <img
            alt="logo"
            class="v-supply--avatar"
          />
          <div
            class="v-supply-content--right"
          >
            <div
              class="v-supply-content--row"
            >
              <span
                class="txt-container v-supply-content--row-title"
              >
                Wrapped BGL
              </span>
              <span
                class="txt-container v-supply-content--row-title"
              >
                $0.1439
              </span>
            </div>
            <div
              class="v-supply-content-row-second"
            >
              <span
                class="txt-container v-supply-content-row-second-title"
              >
                WBGL
              </span>
              <span
                class="txt-container v-supply-content-row-second-title"
              >
                11.0000
              </span>
            </div>
          </div>
        </div>
      </div>
      <div
        class="v-form"
      >
        <span
          class="v-form-title"
        >
          WBGL
        </span>
        <div
          class="v-form-middle-row"
        >
          <div
            aria-label="max-button"
            class="v-form-icon-container"
          >
            <div
              class="v-form-icon-container-icon"
              height="30"
              width="30"
            />
          </div>
          <div
            style="display: inline-block;"
          >
            <input
              aria-label="cost-input"
              class="v-form-middle-row-input"
              inputmode="decimal"
              placeholder="0"
              style="box-sizing: content-box; width: 2px; font-size: 32px;"
              value=""
            />
            <div
              style="position: absolute; top: 0px; left: 0px; visibility: hidden; height: 0px; overflow: scroll; white-space: pre; font-size: 32px; font-family: -webkit-small-control; letter-spacing: normal; text-transform: none;"
            />
            <div
              style="position: absolute; top: 0px; left: 0px; visibility: hidden; height: 0px; overflow: scroll; white-space: pre; font-size: 32px; font-family: -webkit-small-control; letter-spacing: normal; text-transform: none;"
            >
              0
            </div>
          </div>
          <div
            aria-label="swap-button"
            class="v-form-icon-container"
          >
            <div
              class="v-form-icon-container-icon"
              height="22"
              width="22"
            />
          </div>
        </div>
        <span
          class="v-form-title"
        >
          $0
        </span>
        <button
          class="btn-container fee-btn"
        >
          common.fee $0.00
        </button>
        <div
          class="v-form-row"
        >
          <span
            class="v-form-row-title"
          >
            home.deposit home.netApy
          </span>
          <span
            class="v-form-row-value"
          >
            48.46%
          </span>
        </div>
        <div
          class="borrow-section"
        >
          <div
            class="row"
          >
            <span
              class="title"
            >
              home.borrowLimit
            </span>
            <div
              class="right"
            >
              <span
                class="value"
              >
                $1.025
              </span>
            </div>
          </div>
          <div
            class="row"
          >
            <span
              class="title"
            >
              home.borrowLimitUsed
            </span>
            <div
              class="row"
            >
              <span
                class="value"
              >
                99.59%
              </span>
            </div>
          </div>
          <div
            class="tx-progress-container"
          >
            <div
              class="tx-progress"
            >
              <div
                class="tx-progress-child"
                style="width: 99.59%;"
              />
            </div>
          </div>
        </div>
      </div>
    </div>
    <button
      class="btn-container pay-button "
      disabled=""
    >
      home.deposit $0
    </button>
  </div>
</div>
`;

exports[`Transaction screen with data for DEPOSIT/WBGL should lower input font size 1`] = `
<div>
  <div
    class="valuation"
  >
    <div
      class="header-container"
    >
      <div
        height="15"
        width="15"
      />
      <span
        class="title"
      >
        home.deposit WBGL
      </span>
    </div>
    <div
      class="valuation-content"
    >
      <div
        class="v-supply"
      >
        <div
          class="v-supply-content"
        >
          <img
            alt="logo"
            class="v-supply--avatar"
          />
          <div
            class="v-supply-content--right"
          >
            <div
              class="v-supply-content--row"
            >
              <span
                class="txt-container v-supply-content--row-title"
              >
                Wrapped BGL
              </span>
              <span
                class="txt-container v-supply-content--row-title"
              >
                $0.1439
              </span>
            </div>
            <div
              class="v-supply-content-row-second"
            >
              <span
                class="txt-container v-supply-content-row-second-title"
              >
                WBGL
              </span>
              <span
                class="txt-container v-supply-content-row-second-title"
              >
                11.0000
              </span>
            </div>
          </div>
        </div>
      </div>
      <div
        class="v-form"
      >
        <span
          class="v-form-title"
        >
          WBGL
        </span>
        <div
          class="v-form-middle-row"
        >
          <div
            aria-label="max-button"
            class="v-form-icon-container"
          >
            <div
              class="v-form-icon-container-icon"
              height="30"
              width="30"
            />
          </div>
          <div
            style="display: inline-block;"
          >
            <input
              aria-label="cost-input"
              class="v-form-middle-row-input"
              inputmode="decimal"
              placeholder="0"
              style="box-sizing: content-box; width: 2px; font-size: 26px;"
              value="10.101010"
            />
            <div
              style="position: absolute; top: 0px; left: 0px; visibility: hidden; height: 0px; overflow: scroll; white-space: pre; font-size: 32px; font-family: -webkit-small-control; letter-spacing: normal; text-transform: none;"
            >
              10.101010
            </div>
            <div
              style="position: absolute; top: 0px; left: 0px; visibility: hidden; height: 0px; overflow: scroll; white-space: pre; font-size: 32px; font-family: -webkit-small-control; letter-spacing: normal; text-transform: none;"
            >
              0
            </div>
          </div>
          <div
            aria-label="swap-button"
            class="v-form-icon-container"
          >
            <div
              class="v-form-icon-container-icon"
              height="22"
              width="22"
            />
          </div>
        </div>
        <span
          class="v-form-title"
        >
          $0.1321
        </span>
        <button
          class="btn-container fee-btn"
        >
          common.fee $0.00
        </button>
        <div
          class="v-form-row"
        >
          <span
            class="v-form-row-title"
          >
            home.deposit home.netApy
          </span>
          <span
            class="v-form-row-value"
          >
            48.46%
          </span>
        </div>
        <div
          class="borrow-section"
        >
          <div
            class="row"
          >
            <span
              class="title"
            >
              home.borrowLimit
            </span>
            <div
              class="right"
            >
              <span
                class="value"
              >
                $1.025
              </span>
              <div
                class="arrow-icon"
                height="16"
                width="19"
              />
              <span
                class="value"
              >
                $1.131
              </span>
            </div>
          </div>
          <div
            class="row"
          >
            <span
              class="title"
            >
              home.borrowLimitUsed
            </span>
            <div
              class="row"
            >
              <span
                class="value"
              >
                99.59%
              </span>
              <div
                class="arrow-icon"
                height="16"
                width="19"
              />
              <span
                class="value"
              >
                90.28%
              </span>
            </div>
          </div>
          <div
            class="tx-progress-container"
          >
            <div
              class="tx-progress"
            >
              <div
                class="tx-progress-child"
                style="width: 99.59%;"
              />
            </div>
          </div>
        </div>
      </div>
    </div>
    <button
      class="btn-container pay-button "
    >
      home.deposit $0.1321
    </button>
  </div>
</div>
`;

exports[`Transaction screen with data for DEPOSIT/WBGL should match data 1`] = `
<div>
  <div
    class="valuation"
  >
    <div
      class="header-container"
    >
      <div
        height="15"
        width="15"
      />
      <span
        class="title"
      >
        home.deposit WBGL
      </span>
    </div>
    <div
      class="valuation-content"
    >
      <div
        class="v-supply"
      >
        <div
          class="v-supply-content"
        >
          <img
            alt="logo"
            class="v-supply--avatar"
          />
          <div
            class="v-supply-content--right"
          >
            <div
              class="v-supply-content--row"
            >
              <span
                class="txt-container v-supply-content--row-title"
              >
                Wrapped BGL
              </span>
              <span
                class="txt-container v-supply-content--row-title"
              >
                $0.1439
              </span>
            </div>
            <div
              class="v-supply-content-row-second"
            >
              <span
                class="txt-container v-supply-content-row-second-title"
              >
                WBGL
              </span>
              <span
                class="txt-container v-supply-content-row-second-title"
              >
                11.0000
              </span>
            </div>
          </div>
        </div>
      </div>
      <div
        class="v-form"
      >
        <span
          class="v-form-title"
        >
          WBGL
        </span>
        <div
          class="v-form-middle-row"
        >
          <div
            aria-label="max-button"
            class="v-form-icon-container"
          >
            <div
              class="v-form-icon-container-icon"
              height="30"
              width="30"
            />
          </div>
          <div
            style="display: inline-block;"
          >
            <input
              aria-label="cost-input"
              class="v-form-middle-row-input"
              inputmode="decimal"
              placeholder="0"
              style="box-sizing: content-box; width: 2px; font-size: 32px;"
              value=""
            />
            <div
              style="position: absolute; top: 0px; left: 0px; visibility: hidden; height: 0px; overflow: scroll; white-space: pre; font-size: 32px; font-family: -webkit-small-control; letter-spacing: normal; text-transform: none;"
            />
            <div
              style="position: absolute; top: 0px; left: 0px; visibility: hidden; height: 0px; overflow: scroll; white-space: pre; font-size: 32px; font-family: -webkit-small-control; letter-spacing: normal; text-transform: none;"
            >
              0
            </div>
          </div>
          <div
            aria-label="swap-button"
            class="v-form-icon-container"
          >
            <div
              class="v-form-icon-container-icon"
              height="22"
              width="22"
            />
          </div>
        </div>
        <span
          class="v-form-title"
        >
          $0
        </span>
        <button
          class="btn-container fee-btn"
        >
          common.fee $0.00
        </button>
        <div
          class="v-form-row"
        >
          <span
            class="v-form-row-title"
          >
            home.deposit home.netApy
          </span>
          <span
            class="v-form-row-value"
          >
            48.46%
          </span>
        </div>
        <div
          class="borrow-section"
        >
          <div
            class="row"
          >
            <span
              class="title"
            >
              home.borrowLimit
            </span>
            <div
              class="right"
            >
              <span
                class="value"
              >
                $1.025
              </span>
            </div>
          </div>
          <div
            class="row"
          >
            <span
              class="title"
            >
              home.borrowLimitUsed
            </span>
            <div
              class="row"
            >
              <span
                class="value"
              >
                99.59%
              </span>
            </div>
          </div>
          <div
            class="tx-progress-container"
          >
            <div
              class="tx-progress"
            >
              <div
                class="tx-progress-child"
                style="width: 99.59%;"
              />
            </div>
          </div>
        </div>
      </div>
    </div>
    <button
      class="btn-container pay-button "
      disabled=""
    >
      home.deposit $0
    </button>
  </div>
</div>
`;

exports[`Transaction screen with data for DEPOSIT/WBGL should return token decimals 1`] = `
<div>
  <div
    class="valuation"
  >
    <div
      class="header-container"
    >
      <div
        height="15"
        width="15"
      />
      <span
        class="title"
      >
        home.deposit WBGL
      </span>
    </div>
    <div
      class="valuation-content"
    >
      <div
        class="v-supply"
      >
        <div
          class="v-supply-content"
        >
          <img
            alt="logo"
            class="v-supply--avatar"
          />
          <div
            class="v-supply-content--right"
          >
            <div
              class="v-supply-content--row"
            >
              <span
                class="txt-container v-supply-content--row-title"
              >
                Wrapped BGL
              </span>
              <span
                class="txt-container v-supply-content--row-title"
              >
                $0.1439
              </span>
            </div>
            <div
              class="v-supply-content-row-second"
            >
              <span
                class="txt-container v-supply-content-row-second-title"
              >
                WBGL
              </span>
              <span
                class="txt-container v-supply-content-row-second-title"
              >
                11.0000
              </span>
            </div>
          </div>
        </div>
      </div>
      <div
        class="v-form"
      >
        <span
          class="v-form-title"
        >
          WBGL
        </span>
        <div
          class="v-form-middle-row"
        >
          <div
            aria-label="max-button"
            class="v-form-icon-container"
          >
            <div
              class="v-form-icon-container-icon"
              height="30"
              width="30"
            />
          </div>
          <div
            style="display: inline-block;"
          >
            <input
              aria-label="cost-input"
              class="v-form-middle-row-input"
              inputmode="decimal"
              placeholder="0"
              style="box-sizing: content-box; width: 2px; font-size: 32px;"
              value=""
            />
            <div
              style="position: absolute; top: 0px; left: 0px; visibility: hidden; height: 0px; overflow: scroll; white-space: pre; font-size: 32px; font-family: -webkit-small-control; letter-spacing: normal; text-transform: none;"
            />
            <div
              style="position: absolute; top: 0px; left: 0px; visibility: hidden; height: 0px; overflow: scroll; white-space: pre; font-size: 32px; font-family: -webkit-small-control; letter-spacing: normal; text-transform: none;"
            >
              0
            </div>
          </div>
          <div
            aria-label="swap-button"
            class="v-form-icon-container"
          >
            <div
              class="v-form-icon-container-icon"
              height="22"
              width="22"
            />
          </div>
        </div>
        <span
          class="v-form-title"
        >
          $0
        </span>
        <button
          class="btn-container fee-btn"
        >
          common.fee $0.00
        </button>
        <div
          class="v-form-row"
        >
          <span
            class="v-form-row-title"
          >
            home.deposit home.netApy
          </span>
          <span
            class="v-form-row-value"
          >
            48.46%
          </span>
        </div>
        <div
          class="borrow-section"
        >
          <div
            class="row"
          >
            <span
              class="title"
            >
              home.borrowLimit
            </span>
            <div
              class="right"
            >
              <span
                class="value"
              >
                $1.025
              </span>
            </div>
          </div>
          <div
            class="row"
          >
            <span
              class="title"
            >
              home.borrowLimitUsed
            </span>
            <div
              class="row"
            >
              <span
                class="value"
              >
                99.59%
              </span>
            </div>
          </div>
          <div
            class="tx-progress-container"
          >
            <div
              class="tx-progress"
            >
              <div
                class="tx-progress-child"
                style="width: 99.59%;"
              />
            </div>
          </div>
        </div>
      </div>
    </div>
    <button
      class="btn-container pay-button "
      disabled=""
    >
      home.deposit $0
    </button>
  </div>
</div>
`;

exports[`Transaction screen with data for DEPOSIT/WBGL should return tokens max value on swap before transaction 1`] = `
<div>
  <div
    class="valuation"
  >
    <div
      class="header-container"
    >
      <div
        height="15"
        width="15"
      />
      <span
        class="title"
      >
        home.deposit WBGL
      </span>
    </div>
    <div
      class="valuation-content"
    >
      <div
        class="v-supply"
      >
        <div
          class="v-supply-content"
        >
          <img
            alt="logo"
            class="v-supply--avatar"
          />
          <div
            class="v-supply-content--right"
          >
            <div
              class="v-supply-content--row"
            >
              <span
                class="txt-container v-supply-content--row-title"
              >
                Wrapped BGL
              </span>
              <span
                class="txt-container v-supply-content--row-title"
              >
                $0.1439
              </span>
            </div>
            <div
              class="v-supply-content-row-second"
            >
              <span
                class="txt-container v-supply-content-row-second-title"
              >
                WBGL
              </span>
              <span
                class="txt-container v-supply-content-row-second-title"
              >
                11.0000
              </span>
            </div>
          </div>
        </div>
      </div>
      <div
        class="v-form"
      >
        <span
          class="v-form-title"
        >
          USD
        </span>
        <div
          class="v-form-middle-row"
        >
          <div
            aria-label="max-button"
            class="v-form-icon-container"
          >
            <div
              class="v-form-icon-container-icon"
              height="30"
              width="30"
            />
          </div>
          <div
            style="display: inline-block;"
          >
            <input
              aria-label="cost-input"
              class="v-form-middle-row-input"
              inputmode="decimal"
              placeholder="0"
              style="box-sizing: content-box; width: 2px; font-size: 26px;"
              value="0.14386108"
            />
            <div
              style="position: absolute; top: 0px; left: 0px; visibility: hidden; height: 0px; overflow: scroll; white-space: pre; font-size: 32px; font-family: -webkit-small-control; letter-spacing: normal; text-transform: none;"
            >
              0.14386108
            </div>
            <div
              style="position: absolute; top: 0px; left: 0px; visibility: hidden; height: 0px; overflow: scroll; white-space: pre; font-size: 32px; font-family: -webkit-small-control; letter-spacing: normal; text-transform: none;"
            >
              0
            </div>
          </div>
          <div
            aria-label="swap-button"
            class="v-form-icon-container"
          >
            <div
              class="v-form-icon-container-icon"
              height="22"
              width="22"
            />
          </div>
        </div>
        <span
          class="v-form-title"
        >
          11.0000 WBGL
        </span>
        <button
          class="btn-container fee-btn"
        >
          common.fee $0.00
        </button>
        <div
          class="v-form-row"
        >
          <span
            class="v-form-row-title"
          >
            home.deposit home.netApy
          </span>
          <span
            class="v-form-row-value"
          >
            48.46%
          </span>
        </div>
        <div
          class="borrow-section"
        >
          <div
            class="row"
          >
            <span
              class="title"
            >
              home.borrowLimit
            </span>
            <div
              class="right"
            >
              <span
                class="value"
              >
                $1.025
              </span>
              <div
                class="arrow-icon"
                height="16"
                width="19"
              />
              <span
                class="value"
              >
                $1.140
              </span>
            </div>
          </div>
          <div
            class="row"
          >
            <span
              class="title"
            >
              home.borrowLimitUsed
            </span>
            <div
              class="row"
            >
              <span
                class="value"
              >
                99.59%
              </span>
              <div
                class="arrow-icon"
                height="16"
                width="19"
              />
              <span
                class="value"
              >
                89.54%
              </span>
            </div>
          </div>
          <div
            class="tx-progress-container"
          >
            <div
              class="tx-progress"
            >
              <div
                class="tx-progress-child"
                style="width: 99.59%;"
              />
            </div>
          </div>
        </div>
      </div>
    </div>
    <button
      class="btn-container pay-button "
    >
      home.deposit $0.1439
    </button>
  </div>
</div>
`;
